[degree-admission.co.in/index.html]
[backblue.gif]
[fade.gif]
[index.html]
[degree-admission.co.in/assets/images/favicon.png]
[cdn.jsdelivr.net/npm/bootstrap@5.3.0/dist/css/bootstrap.min.css]
[cdnjs.cloudflare.com/ajax/libs/OwlCarousel2/2.3.4/assets/owl.carousel.min.css]
[cdnjs.cloudflare.com/ajax/libs/OwlCarousel2/2.3.4/assets/owl.theme.default.min.css]
[cdnjs.cloudflare.com/ajax/libs/font-awesome/6.0.0/css/all.min.css]
[degree-admission.co.in/assets/css/style.css]
[degree-admission.co.in/assets/css/responsive67f8.css]
[connect.facebook.net/en_US/fbevents.js]
[degree-admission.co.in/assets/images/logo.webp]
[degree-admission.co.in/assets/images/naac.webp]
[degree-admission.co.in/assets/images/ugc.webp]
[degree-admission.co.in/assets/images/nirf.png]
[degree-admission.co.in/assets/images/QS-2025.jpg]
[degree-admission.co.in/assets/images/AICTE.jpg.webp]
[degree-admission.co.in/assets/images/Times-Higher-Education-Impact.jpg]
[degree-admission.co.in/assets/images/WES-2.webp]
[degree-admission.co.in/assets/images/Career360.webp]
[degree-admission.co.in/assets/images/MBA.png]
[degree-admission.co.in/assets/images/mca.png]
[degree-admission.co.in/assets/images/ma.png]
[degree-admission.co.in/assets/images/MCOM.png]
[degree-admission.co.in/assets/images/BBA.png]
[degree-admission.co.in/assets/images/BCA.webp]
[degree-admission.co.in/assets/images/ba.png]
[degree-admission.co.in/assets/images/bcom.png]
[degree-admission.co.in/assets/images/Menka-Sharma.webp]
[degree-admission.co.in/assets/images/Sahana-K.webp]
[degree-admission.co.in/assets/images/Botsa-Anitha.webp]
[degree-admission.co.in/assets/images/Syed.webp]
[cdn.jsdelivr.net/npm/bootstrap@5.3.0/dist/js/bootstrap.bundle.min.js]
[cdnjs.cloudflare.com/ajax/libs/jquery/3.6.0/jquery.min.js]
[cdnjs.cloudflare.com/ajax/libs/OwlCarousel2/2.3.4/owl.carousel.min.js]
[img1.wsimg.com/signals/js/clients/scc-c2/scc-c2.min.js]
[degree-admission.co.in/index.html]
[cdn.jsdelivr.net/npm/bootstrap@5.3.0/dist/css/bootstrap.min.css]
[cdnjs.cloudflare.com/ajax/libs/OwlCarousel2/2.3.4/assets/owl.carousel.min.css]
[cdnjs.cloudflare.com/ajax/libs/OwlCarousel2/2.3.4/assets/owl.theme.default.min.css]
[cdnjs.cloudflare.com/ajax/libs/font-awesome/6.0.0/css/all.min.css]
[cdnjs.cloudflare.com/ajax/libs/OwlCarousel2/2.3.4/assets/owl.video.play.png]
[degree-admission.co.in/assets/images/abdgrid-bg.webp]
[degree-admission.co.in/assets/css/style.css]
[degree-admission.co.in/assets/css/responsive67f8.css]
[connect.facebook.net/en_US/fbevents.js]
[bat.bing.com/bat.js]
[degree-admission.co.in/privacy-policy.html]
[degree-admission.co.in/terms-conditions.html]
[degree-admission.co.in/signals/config/index.html]
[degree-admission.co.in/t.html]
[degree-admission.co.in/e.html]
[degree-admission.co.in/signals/plugins/index.html]
[degree-admission.co.in/schema.org/index.html]
[degree-admission.co.in/t-2.html]
[degree-admission.co.in/o.html]
[degree-admission.co.in/signals/iwl.html]
[degree-admission.co.in/signals/iwl0fc5.html]
[degree-admission.co.in/n.html]
[degree-admission.co.in/n-2.html]
[degree-admission.co.in/favicon.html]
[degree-admission.co.in/css/bootstrap.min.html]
[degree-admission.co.in/css/reset.html]
[degree-admission.co.in/css/style.html]
[degree-admission.co.in/css/responsive.html]
[degree-admission.co.in/css/owl.carousel.min.html]
[degree-admission.co.in/css/owl.theme.default.min.html]
[degree-admission.co.in/css/animate.html]
[degree-admission.co.in/css/pro.html]
[degree-admission.co.in/js/jquery.min.html]
[degree-admission.co.in/js/axios.min.html]
[degree-admission.co.in/info@degree-admission.co.html]
